---
source: crates/vize_patina/src/rules/vue/sfc_element_order/tests.rs
assertion_line: 92
expression: result.diagnostics
---
[
    LintDiagnostic {
        rule_name: "vue/sfc-element-order",
        severity: Warning,
        message: "<script setup> should come before <style>",
        start: 16,
        end: 39,
        help: Some(
            "Recommended order: <script> and <template> (either order) -> <style>",
        ),
        labels: [],
        fix: None,
    },
]
