---
source: crates/vize_patina/src/preset/tests.rs
expression: "serde_json::to_string_pretty(&snapshot).unwrap()"
---
{
  "ecosystem": [
    "vue/require-v-for-key",
    "vue/valid-v-for",
    "vue/no-use-v-if-with-v-for",
    "vue/no-unused-vars",
    "vue/no-duplicate-attributes",
    "vue/no-template-key",
    "vue/no-textarea-mustache",
    "vue/valid-v-else",
    "vue/valid-v-if",
    "vue/valid-v-on",
    "vue/valid-v-bind",
    "vue/valid-v-model",
    "vue/valid-v-show",
    "vue/no-dupe-v-else-if",
    "vue/no-reserved-component-names",
    "vue/component-definition-name-casing",
    "vue/html-quotes",
    "vue/mustache-interpolation-spacing",
    "vue/no-lone-template",
    "vue/no-multi-spaces",
    "vue/prop-name-casing",
    "vue/v-on-style",
    "vue/v-slot-style",
    "vue/valid-v-slot",
    "vue/no-child-content",
    "vue/valid-attribute-name",
    "vue/attribute-hyphenation",
    "vue/attribute-order",
    "vue/no-v-text-v-html-on-component",
    "vue/require-component-is",
    "vue/require-scoped-style",
    "vue/sfc-element-order",
    "vue/single-style-block",
    "vue/no-useless-template-attributes",
    "vue/no-deprecated-slot-attribute",
    "vue/valid-v-memo",
    "vue/valid-v-cloak",
    "vue/valid-v-once",
    "vue/valid-v-text",
    "vue/valid-v-html",
    "vue/no-v-for-template-key-on-child",
    "vue/require-toggle-inside-transition",
    "vue/valid-template-root",
    "vapor/no-vue-lifecycle-events",
    "vue/no-v-html",
    "vue/no-unsafe-url",
    "vue/no-template-target-blank",
    "vue/no-unsandboxed-iframe",
    "vue/no-invalid-html-attribute",
    "a11y/img-alt",
    "a11y/anchor-has-content",
    "a11y/heading-has-content",
    "a11y/iframe-has-title",
    "a11y/no-distracting-elements",
    "a11y/no-i-for-icon",
    "a11y/tabindex-no-positive",
    "a11y/click-events-have-key-events",
    "a11y/form-control-has-label",
    "a11y/aria-props",
    "a11y/aria-role",
    "a11y/no-aria-hidden-on-focusable",
    "a11y/no-access-key",
    "a11y/no-autofocus",
    "a11y/no-role-presentation-on-focusable",
    "a11y/aria-unsupported-elements",
    "a11y/no-redundant-roles",
    "a11y/mouse-events-have-key-events",
    "a11y/alt-text",
    "a11y/anchor-is-valid",
    "a11y/label-has-for",
    "a11y/interactive-supports-focus",
    "a11y/role-has-required-aria-props",
    "a11y/media-has-caption",
    "a11y/no-static-element-interactions",
    "a11y/no-refer-to-non-existent-id",
    "vue/permitted-contents",
    "html/deprecated-element",
    "html/deprecated-attr",
    "html/no-consecutive-br",
    "html/id-duplication",
    "html/no-duplicate-dt",
    "html/no-empty-palpable-content",
    "html/require-datetime",
    "ssr/no-browser-globals-in-ssr",
    "ssr/no-hydration-mismatch",
    "vue/no-unused-components",
    "vue/no-mutating-props",
    "vue/no-unused-properties",
    "type/require-typed-props",
    "type/require-typed-emits",
    "ecosystem/router-link-require-to",
    "ecosystem/vue-router-prefer-named-link",
    "ecosystem/vue-i18n-no-missing-key",
    "ecosystem/void-link-require-href",
    "ecosystem/void-link-valid-method",
    "ecosystem/pinia-prefer-store-to-refs",
    "ecosystem/vue-router-prefer-named-push",
    "ecosystem/vue-test-utils-no-html-snapshot"
  ],
  "essential": [
    "vue/require-v-for-key",
    "vue/valid-v-for",
    "vue/no-use-v-if-with-v-for",
    "vue/no-unused-vars",
    "vue/no-mutating-props",
    "vue/no-duplicate-attributes",
    "vue/no-template-key",
    "vue/no-textarea-mustache",
    "vue/valid-v-else",
    "vue/valid-v-if",
    "vue/valid-v-on",
    "vue/valid-v-bind",
    "vue/valid-v-model",
    "vue/valid-v-show",
    "vue/no-dupe-v-else-if",
    "vue/no-reserved-component-names",
    "vue/valid-v-slot",
    "vue/multi-word-component-names",
    "vue/no-child-content",
    "vue/valid-attribute-name",
    "vue/no-v-text-v-html-on-component",
    "vue/require-component-is",
    "vue/no-useless-template-attributes",
    "vue/no-deprecated-slot-attribute",
    "vue/valid-v-memo",
    "vue/valid-v-cloak",
    "vue/valid-v-once",
    "vue/valid-v-text",
    "vue/valid-v-html",
    "vue/no-v-for-template-key-on-child",
    "vue/require-toggle-inside-transition",
    "vue/valid-template-root",
    "vue/use-v-on-exact",
    "vue/no-v-html",
    "vue/no-unsafe-url",
    "html/id-duplication",
    "script/no-async-in-computed",
    "script/no-internal-imports",
    "script/no-import-compiler-macros",
    "script/no-reserved-identifiers",
    "script/no-reserved-keys",
    "script/no-dupe-keys",
    "script/no-side-effects-in-computed-properties",
    "script/no-arrow-functions-in-watch",
    "script/no-potential-component-option-typo",
    "script/return-in-computed-property",
    "script/require-prop-type-constructor",
    "script/no-use-computed-property-like-method",
    "script/no-required-prop-with-default",
    "script/valid-define-options",
    "script/no-reserved-props",
    "script/return-in-emits-validator",
    "script/valid-define-props",
    "script/valid-define-emits",
    "script/require-valid-default-prop",
    "script/no-ref-as-operand"
  ],
  "happy_path": [
    "vue/require-v-for-key",
    "vue/valid-v-for",
    "vue/no-use-v-if-with-v-for",
    "vue/no-unused-vars",
    "vue/no-duplicate-attributes",
    "vue/no-template-key",
    "vue/no-textarea-mustache",
    "vue/valid-v-else",
    "vue/valid-v-if",
    "vue/valid-v-on",
    "vue/valid-v-bind",
    "vue/valid-v-model",
    "vue/valid-v-show",
    "vue/no-dupe-v-else-if",
    "vue/no-reserved-component-names",
    "vue/component-definition-name-casing",
    "vue/html-quotes",
    "vue/mustache-interpolation-spacing",
    "vue/no-lone-template",
    "vue/no-multi-spaces",
    "vue/prop-name-casing",
    "vue/v-on-style",
    "vue/v-slot-style",
    "vue/valid-v-slot",
    "vue/no-child-content",
    "vue/valid-attribute-name",
    "vue/attribute-hyphenation",
    "vue/attribute-order",
    "vue/no-v-text-v-html-on-component",
    "vue/require-component-is",
    "vue/require-scoped-style",
    "vue/sfc-element-order",
    "vue/single-style-block",
    "vue/no-useless-template-attributes",
    "vue/no-deprecated-slot-attribute",
    "vue/valid-v-memo",
    "vue/valid-v-cloak",
    "vue/valid-v-once",
    "vue/valid-v-text",
    "vue/valid-v-html",
    "vue/no-v-for-template-key-on-child",
    "vue/require-toggle-inside-transition",
    "vue/valid-template-root",
    "vapor/no-vue-lifecycle-events",
    "vue/no-v-html",
    "vue/no-unsafe-url",
    "vue/no-template-target-blank",
    "vue/no-unsandboxed-iframe",
    "vue/no-invalid-html-attribute",
    "a11y/img-alt",
    "a11y/anchor-has-content",
    "a11y/heading-has-content",
    "a11y/iframe-has-title",
    "a11y/no-distracting-elements",
    "a11y/no-i-for-icon",
    "a11y/tabindex-no-positive",
    "a11y/click-events-have-key-events",
    "a11y/form-control-has-label",
    "a11y/aria-props",
    "a11y/aria-role",
    "a11y/no-aria-hidden-on-focusable",
    "a11y/no-access-key",
    "a11y/no-autofocus",
    "a11y/no-role-presentation-on-focusable",
    "a11y/aria-unsupported-elements",
    "a11y/no-redundant-roles",
    "a11y/mouse-events-have-key-events",
    "a11y/alt-text",
    "a11y/anchor-is-valid",
    "a11y/label-has-for",
    "a11y/interactive-supports-focus",
    "a11y/role-has-required-aria-props",
    "a11y/media-has-caption",
    "a11y/no-static-element-interactions",
    "a11y/no-refer-to-non-existent-id",
    "vue/permitted-contents",
    "html/deprecated-element",
    "html/deprecated-attr",
    "html/no-consecutive-br",
    "html/id-duplication",
    "html/no-duplicate-dt",
    "html/no-empty-palpable-content",
    "html/require-datetime",
    "ssr/no-browser-globals-in-ssr",
    "ssr/no-hydration-mismatch",
    "vue/no-unused-components",
    "vue/no-mutating-props",
    "vue/no-unused-properties",
    "type/require-typed-props",
    "type/require-typed-emits",
    "script/no-async-in-computed",
    "script/prefer-import-from-vue",
    "script/no-internal-imports",
    "script/no-import-compiler-macros",
    "script/no-reserved-identifiers",
    "script/no-reserved-keys",
    "script/no-dupe-keys",
    "script/no-side-effects-in-computed-properties",
    "script/no-arrow-functions-in-watch",
    "script/no-potential-component-option-typo",
    "script/return-in-computed-property",
    "script/require-prop-type-constructor",
    "script/no-use-computed-property-like-method",
    "script/no-required-prop-with-default",
    "script/valid-next-tick",
    "script/valid-define-options",
    "script/no-reserved-props",
    "script/return-in-emits-validator",
    "script/valid-define-props",
    "script/valid-define-emits",
    "script/require-valid-default-prop",
    "script/no-ref-as-operand",
    "script/no-duplicate-attr-inheritance",
    "script/no-multiple-slot-args",
    "script/no-unstable-nested-components"
  ],
  "incremental": [],
  "nuxt": [
    "vue/require-v-for-key",
    "vue/valid-v-for",
    "vue/no-use-v-if-with-v-for",
    "vue/no-unused-vars",
    "vue/no-duplicate-attributes",
    "vue/no-template-key",
    "vue/no-textarea-mustache",
    "vue/valid-v-else",
    "vue/valid-v-if",
    "vue/valid-v-on",
    "vue/valid-v-bind",
    "vue/valid-v-model",
    "vue/valid-v-show",
    "vue/no-dupe-v-else-if",
    "vue/no-reserved-component-names",
    "vue/component-definition-name-casing",
    "vue/html-quotes",
    "vue/mustache-interpolation-spacing",
    "vue/no-lone-template",
    "vue/no-multi-spaces",
    "vue/prop-name-casing",
    "vue/v-on-style",
    "vue/v-slot-style",
    "vue/valid-v-slot",
    "vue/no-child-content",
    "vue/valid-attribute-name",
    "vue/attribute-hyphenation",
    "vue/attribute-order",
    "vue/no-v-text-v-html-on-component",
    "vue/require-component-is",
    "vue/require-scoped-style",
    "vue/sfc-element-order",
    "vue/single-style-block",
    "vue/no-useless-template-attributes",
    "vue/no-deprecated-slot-attribute",
    "vue/valid-v-memo",
    "vue/valid-v-cloak",
    "vue/valid-v-once",
    "vue/valid-v-text",
    "vue/valid-v-html",
    "vue/no-v-for-template-key-on-child",
    "vue/require-toggle-inside-transition",
    "vue/valid-template-root",
    "vapor/no-vue-lifecycle-events",
    "vue/no-v-html",
    "vue/no-unsafe-url",
    "vue/no-template-target-blank",
    "vue/no-unsandboxed-iframe",
    "vue/no-invalid-html-attribute",
    "a11y/img-alt",
    "a11y/anchor-has-content",
    "a11y/heading-has-content",
    "a11y/iframe-has-title",
    "a11y/no-distracting-elements",
    "a11y/no-i-for-icon",
    "a11y/tabindex-no-positive",
    "a11y/click-events-have-key-events",
    "a11y/form-control-has-label",
    "a11y/aria-props",
    "a11y/aria-role",
    "a11y/no-aria-hidden-on-focusable",
    "a11y/no-access-key",
    "a11y/no-autofocus",
    "a11y/no-role-presentation-on-focusable",
    "a11y/aria-unsupported-elements",
    "a11y/no-redundant-roles",
    "a11y/mouse-events-have-key-events",
    "a11y/alt-text",
    "a11y/anchor-is-valid",
    "a11y/label-has-for",
    "a11y/interactive-supports-focus",
    "a11y/role-has-required-aria-props",
    "a11y/media-has-caption",
    "a11y/no-static-element-interactions",
    "a11y/no-refer-to-non-existent-id",
    "vue/permitted-contents",
    "html/deprecated-element",
    "html/deprecated-attr",
    "html/no-consecutive-br",
    "html/id-duplication",
    "html/no-duplicate-dt",
    "html/no-empty-palpable-content",
    "html/require-datetime",
    "ssr/no-browser-globals-in-ssr",
    "ssr/no-hydration-mismatch",
    "vue/no-unused-components",
    "vue/no-mutating-props",
    "vue/no-unused-properties",
    "type/require-typed-props",
    "type/require-typed-emits",
    "vue/multi-word-component-names",
    "vue/use-v-on-exact",
    "vue/no-template-shadow",
    "vue/v-bind-style",
    "vue/v-on-handler-style",
    "vue/html-self-closing",
    "vue/html-button-has-type",
    "vue/scoped-event-names",
    "vue/prefer-props-shorthand",
    "vue/slot-name-casing",
    "vue/use-unique-element-ids",
    "vue/component-name-in-template-casing",
    "vue/no-preprocessor-lang",
    "vue/no-script-non-standard-lang",
    "vue/no-template-lang",
    "vue/no-src-attribute",
    "vue/no-inline-style",
    "vue/no-multiple-objects-in-class",
    "vue/warn-custom-block",
    "vue/warn-custom-directive",
    "vue/no-boolean-attr-value",
    "vue/no-empty-component-block",
    "vue/no-useless-mustaches",
    "vue/no-root-v-if",
    "vue/no-useless-v-bind",
    "vue/no-negated-v-if-condition",
    "vue/no-v-text",
    "vue/no-unused-refs",
    "vue/prefer-true-attribute-shorthand",
    "vue/v-on-event-hyphenation",
    "vue/this-in-template",
    "vue/no-array-index-key",
    "vapor/no-inline-template",
    "vapor/prefer-static-class",
    "vapor/require-vapor-attribute",
    "a11y/heading-levels",
    "a11y/landmark-roles",
    "a11y/placeholder-label-option",
    "a11y/use-list",
    "html/no-duplicate-class",
    "html/no-dupe-style-properties",
    "type/no-floating-promises",
    "type/no-reactivity-loss",
    "type/no-unsafe-template-binding",
    "ecosystem/nuxt-prefer-nuxt-link",
    "nuxt/prefer-import-meta",
    "nuxt/no-page-meta-runtime-values",
    "nuxt/no-nuxt-config-test-key",
    "nuxt/nuxt-config-keys-order",
    "script/no-async-in-computed",
    "script/prefer-import-from-vue",
    "script/no-internal-imports",
    "script/no-import-compiler-macros",
    "script/no-reserved-identifiers",
    "script/no-reserved-keys",
    "script/no-dupe-keys",
    "script/no-side-effects-in-computed-properties",
    "script/no-arrow-functions-in-watch",
    "script/no-potential-component-option-typo",
    "script/return-in-computed-property",
    "script/require-prop-type-constructor",
    "script/no-use-computed-property-like-method",
    "script/no-required-prop-with-default",
    "script/valid-next-tick",
    "script/valid-define-options",
    "script/no-reserved-props",
    "script/return-in-emits-validator",
    "script/valid-define-props",
    "script/valid-define-emits",
    "script/require-valid-default-prop",
    "script/no-ref-as-operand",
    "script/no-duplicate-attr-inheritance",
    "script/no-multiple-slot-args",
    "script/no-unstable-nested-components",
    "css/no-important",
    "css/no-id-selectors",
    "css/prefer-logical-properties",
    "css/require-font-display",
    "css/prefer-nested-selectors",
    "css/no-display-none",
    "css/no-v-bind-performance",
    "css/no-hardcoded-values",
    "css/no-utility-classes",
    "css/prefer-slotted"
  ],
  "opinionated": [
    "vue/require-v-for-key",
    "vue/valid-v-for",
    "vue/no-use-v-if-with-v-for",
    "vue/no-unused-vars",
    "vue/no-duplicate-attributes",
    "vue/no-template-key",
    "vue/no-textarea-mustache",
    "vue/valid-v-else",
    "vue/valid-v-if",
    "vue/valid-v-on",
    "vue/valid-v-bind",
    "vue/valid-v-model",
    "vue/valid-v-show",
    "vue/no-dupe-v-else-if",
    "vue/no-reserved-component-names",
    "vue/component-definition-name-casing",
    "vue/html-quotes",
    "vue/mustache-interpolation-spacing",
    "vue/no-lone-template",
    "vue/no-multi-spaces",
    "vue/prop-name-casing",
    "vue/v-on-style",
    "vue/v-slot-style",
    "vue/valid-v-slot",
    "vue/no-child-content",
    "vue/valid-attribute-name",
    "vue/attribute-hyphenation",
    "vue/attribute-order",
    "vue/no-v-text-v-html-on-component",
    "vue/require-component-is",
    "vue/require-scoped-style",
    "vue/sfc-element-order",
    "vue/single-style-block",
    "vue/no-useless-template-attributes",
    "vue/no-deprecated-slot-attribute",
    "vue/valid-v-memo",
    "vue/valid-v-cloak",
    "vue/valid-v-once",
    "vue/valid-v-text",
    "vue/valid-v-html",
    "vue/no-v-for-template-key-on-child",
    "vue/require-toggle-inside-transition",
    "vue/valid-template-root",
    "vapor/no-vue-lifecycle-events",
    "vue/no-v-html",
    "vue/no-unsafe-url",
    "vue/no-template-target-blank",
    "vue/no-unsandboxed-iframe",
    "vue/no-invalid-html-attribute",
    "a11y/img-alt",
    "a11y/anchor-has-content",
    "a11y/heading-has-content",
    "a11y/iframe-has-title",
    "a11y/no-distracting-elements",
    "a11y/no-i-for-icon",
    "a11y/tabindex-no-positive",
    "a11y/click-events-have-key-events",
    "a11y/form-control-has-label",
    "a11y/aria-props",
    "a11y/aria-role",
    "a11y/no-aria-hidden-on-focusable",
    "a11y/no-access-key",
    "a11y/no-autofocus",
    "a11y/no-role-presentation-on-focusable",
    "a11y/aria-unsupported-elements",
    "a11y/no-redundant-roles",
    "a11y/mouse-events-have-key-events",
    "a11y/alt-text",
    "a11y/anchor-is-valid",
    "a11y/label-has-for",
    "a11y/interactive-supports-focus",
    "a11y/role-has-required-aria-props",
    "a11y/media-has-caption",
    "a11y/no-static-element-interactions",
    "a11y/no-refer-to-non-existent-id",
    "vue/permitted-contents",
    "html/deprecated-element",
    "html/deprecated-attr",
    "html/no-consecutive-br",
    "html/id-duplication",
    "html/no-duplicate-dt",
    "html/no-empty-palpable-content",
    "html/require-datetime",
    "ssr/no-browser-globals-in-ssr",
    "ssr/no-hydration-mismatch",
    "vue/no-unused-components",
    "vue/no-mutating-props",
    "vue/no-unused-properties",
    "type/require-typed-props",
    "type/require-typed-emits",
    "vue/multi-word-component-names",
    "vue/use-v-on-exact",
    "vue/no-template-shadow",
    "vue/v-bind-style",
    "vue/v-on-handler-style",
    "vue/html-self-closing",
    "vue/html-button-has-type",
    "vue/scoped-event-names",
    "vue/prefer-props-shorthand",
    "vue/slot-name-casing",
    "vue/use-unique-element-ids",
    "vue/component-name-in-template-casing",
    "vue/no-preprocessor-lang",
    "vue/no-script-non-standard-lang",
    "vue/no-template-lang",
    "vue/no-src-attribute",
    "vue/no-inline-style",
    "vue/no-multiple-objects-in-class",
    "vue/warn-custom-block",
    "vue/warn-custom-directive",
    "vue/no-boolean-attr-value",
    "vue/no-empty-component-block",
    "vue/no-useless-mustaches",
    "vue/no-root-v-if",
    "vue/no-useless-v-bind",
    "vue/no-negated-v-if-condition",
    "vue/no-v-text",
    "vue/no-unused-refs",
    "vue/prefer-true-attribute-shorthand",
    "vue/v-on-event-hyphenation",
    "vue/this-in-template",
    "vue/no-array-index-key",
    "vue/require-component-registration",
    "vapor/no-inline-template",
    "vapor/prefer-static-class",
    "vapor/require-vapor-attribute",
    "a11y/heading-levels",
    "a11y/landmark-roles",
    "a11y/placeholder-label-option",
    "a11y/use-list",
    "html/no-duplicate-class",
    "html/no-dupe-style-properties",
    "type/no-floating-promises",
    "type/no-reactivity-loss",
    "type/no-unsafe-template-binding",
    "script/no-options-api",
    "script/no-get-current-instance",
    "script/no-async-in-computed",
    "script/prefer-import-from-vue",
    "script/no-internal-imports",
    "script/no-import-compiler-macros",
    "script/no-reserved-identifiers",
    "script/no-reserved-keys",
    "script/no-dupe-keys",
    "script/no-side-effects-in-computed-properties",
    "script/no-arrow-functions-in-watch",
    "script/no-potential-component-option-typo",
    "script/return-in-computed-property",
    "script/require-prop-type-constructor",
    "script/no-use-computed-property-like-method",
    "script/no-required-prop-with-default",
    "script/valid-next-tick",
    "script/valid-define-options",
    "script/no-reserved-props",
    "script/return-in-emits-validator",
    "script/valid-define-props",
    "script/valid-define-emits",
    "script/require-valid-default-prop",
    "script/no-ref-as-operand",
    "script/no-duplicate-attr-inheritance",
    "script/no-multiple-slot-args",
    "script/no-unstable-nested-components",
    "css/no-important",
    "css/no-id-selectors",
    "css/prefer-logical-properties",
    "css/require-font-display",
    "css/prefer-nested-selectors",
    "css/no-display-none",
    "css/no-v-bind-performance",
    "css/no-hardcoded-values",
    "css/no-utility-classes",
    "css/prefer-slotted"
  ],
  "opt_in": [
    "ecosystem/router-link-require-to",
    "ecosystem/vue-router-prefer-named-link",
    "ecosystem/vue-i18n-no-missing-key",
    "ecosystem/void-link-require-href",
    "ecosystem/void-link-valid-method",
    "ecosystem/nuxt-prefer-nuxt-link",
    "petite-vue/no-unsupported-directive",
    "petite-vue/valid-v-effect",
    "petite-vue/valid-v-scope",
    "vue/a11y-img-alt",
    "vue/no-undefined-refs",
    "vue/no-multiple-template-root",
    "vue/no-use-v-else-with-v-for",
    "vue/no-deprecated-v-on-native-modifier",
    "vue/no-deprecated-v-on-number-modifiers",
    "vue/no-deprecated-v-bind-sync",
    "vue/no-deprecated-html-element-is",
    "vue/no-deprecated-inline-template",
    "vue/no-deprecated-functional-template",
    "vue/no-deprecated-slot-scope-attribute",
    "vue/no-deprecated-scope-attribute",
    "vue/no-deprecated-router-link-tag-prop",
    "vue/no-deprecated-filter",
    "vue/no-bare-strings-in-template",
    "vue/no-static-inline-styles",
    "vue/no-non-component-keep-alive-child",
    "ecosystem/pinia-prefer-store-to-refs",
    "ecosystem/vue-router-prefer-named-push",
    "ecosystem/vue-test-utils-no-html-snapshot",
    "nuxt/prefer-import-meta",
    "nuxt/no-page-meta-runtime-values",
    "nuxt/no-nuxt-config-test-key",
    "nuxt/nuxt-config-keys-order",
    "script/prefer-computed",
    "script/no-async-in-computed",
    "script/no-reactive-destructure",
    "script/no-top-level-ref-in-script",
    "script/prefer-ref-over-reactive",
    "script/prefer-use-template-ref",
    "script/prefer-use-slots",
    "script/prefer-use-attrs",
    "script/prefer-use-id",
    "script/prefer-import-from-vue",
    "script/no-with-defaults",
    "script/no-deep-destructure-in-props",
    "script/no-internal-imports",
    "script/no-import-compiler-macros",
    "script/no-reserved-identifiers",
    "script/no-restricted-globals",
    "script/no-restricted-members",
    "script/no-reserved-keys",
    "script/require-symbol-provide",
    "script/require-function-return-type",
    "script/no-dupe-keys",
    "script/no-side-effects-in-computed-properties",
    "script/no-arrow-functions-in-watch",
    "script/no-export-in-script-setup",
    "script/no-deprecated-dollar-listeners-api",
    "script/no-potential-component-option-typo",
    "script/return-in-computed-property",
    "script/no-deprecated-dollar-scopedslots-api",
    "script/no-deprecated-data-object-declaration",
    "script/no-deprecated-destroyed-lifecycle",
    "script/no-deprecated-events-api",
    "script/component-options-name-casing",
    "script/require-prop-type-constructor",
    "script/define-macros-order",
    "script/define-emits-declaration",
    "script/no-use-computed-property-like-method",
    "script/define-props-declaration",
    "script/no-required-prop-with-default",
    "script/no-deprecated-props-default-this",
    "script/no-boolean-default",
    "script/valid-next-tick",
    "script/valid-define-options",
    "script/define-props-destructuring",
    "script/require-typed-ref",
    "script/prefer-define-options",
    "script/require-default-prop",
    "script/require-prop-types",
    "script/no-reserved-props",
    "script/no-unused-emit-declarations",
    "script/return-in-emits-validator",
    "script/valid-define-props",
    "script/valid-define-emits",
    "script/require-valid-default-prop",
    "script/require-typed-object-prop",
    "script/custom-event-name-casing",
    "script/no-ref-as-operand",
    "script/require-explicit-slots",
    "script/no-duplicate-attr-inheritance",
    "script/no-multiple-slot-args",
    "script/require-explicit-emits",
    "script/no-unstable-nested-components",
    "musea/require-title",
    "musea/require-component",
    "musea/valid-variant",
    "musea/unique-variant-names",
    "musea/no-empty-variant",
    "musea/prefer-design-tokens"
  ]
}
