---
source: crates/vize_s1_to_s2/tests/text_pass_snapshot.rs
expression: "$crate :: folio :: Folio ::\nprint_to_string(& *folio, $crate :: folio :: FolioMode :: Full,)"
---
[disegno]
ops=7

[disegno.ops]
ui.element section @0:138
  ui.element h2 @12:26
    ui.text "Inbox" @16:21
  ui.element p @29:94
    ui.interpolation opaque(compound "Hello {{ user.name }}! You have {{ count }} new messages." @32:90) @32:90
  ui.element p @97:127
    ui.interpolation opaque(compound "ab {{ tail }}" @100:123) @100:123
